2026-09-20 14:46:52,560 [INFO] __main__ <module>: ====== START PROCESSING ======


2026-09-20 14:46:52,560 [INFO] __main__ <module>: log=C:\projects\SUN_watching\report\20260920\logs\sunfindwestV2_20260920_144652.log
2026-09-20 14:46:52,681 [DEBUG] __main__ <module>: All standard modules imported successfully.
2026-09-20 14:46:52,682 [INFO] camera.controller <module>: --- starting as module process ---
2026-09-20 14:46:52,682 [INFO] camera.controller <module>: standard modules imported successfully
2026-09-20 14:46:52,706 [WARNING] root <module>: ASI SDK library not found
2026-09-20 14:46:52,709 [INFO] camera.controller <module>: --- finish ---
2026-09-20 14:46:52,723 [INFO] config.utils_json json_saver: Saving JSON to C:\projects\SUN_watching\sun_find_west_v2\config\cache\config.json
2026-09-20 14:46:52,730 [INFO] config.utils_json json_saver: JSON saved successfully: C:\projects\SUN_watching\sun_find_west_v2\config\cache\config.json
2026-09-20 14:46:52,730 [INFO] config.config_manager <module>: __sucessful jenelate json from text
2026-09-20 14:46:52,730 [INFO] config.config_manager <module>: __loading config from json
2026-09-20 14:46:52,731 [INFO] config.config_manager <module>: __sucessful default_config
2026-09-20 14:46:52,733 [INFO] core.drawer <module>: --- starting as module process ---
2026-09-20 14:46:52,808 [DEBUG] matplotlib wrapper: matplotlib data path: C:\Users\fujit\AppData\Local\Programs\Python\Python313\Lib\site-packages\matplotlib\mpl-data
2026-09-20 14:46:52,817 [DEBUG] matplotlib wrapper: CONFIGDIR=C:\Users\fujit\.matplotlib
2026-09-20 14:46:52,818 [DEBUG] matplotlib <module>: interactive is False
2026-09-20 14:46:52,818 [DEBUG] matplotlib <module>: platform is win32
2026-09-20 14:46:52,865 [DEBUG] matplotlib wrapper: CACHEDIR=C:\Users\fujit\.matplotlib
2026-09-20 14:46:52,867 [DEBUG] matplotlib.font_manager _load_fontmanager: Using fontManager instance from C:\Users\fujit\.matplotlib\fontlist-v390.json
2026-09-20 14:46:53,047 [INFO] core.drawer <module>: --- finish ---
2026-09-20 14:46:53,049 [INFO] core.RANSAC <module>: --- starting as module process ---
2026-09-20 14:46:54,271 [INFO] core.RANSAC <module>: standard modules imported successfully
2026-09-20 14:46:54,272 [INFO] core.RANSAC <module>: --- finish ---
2026-09-20 14:46:54,272 [DEBUG] __main__ <module>: All custom modules imported successfully.
2026-09-20 14:46:54,272 [DEBUG] __main__ <module>: loaded parameters:
{'Camera': {'auto_control': {'auto_max_exp': 1,
                             'auto_max_gain': 0,
                             'auto_target_brightness': 100},
            'basic_parameters': {'exposure': 100,
                                 'gain': 0,
                                 'gamma': 50,
                                 'offset': 15},
            'image_format': {'img_type': 'RAW8'},
            'transfer_settings': {'band_width': 80,
                                  'flip': 0,
                                  'hardware_bin': 1,
                                  'high_speed_mode': True}},
 'sun_find_west_v2': {'Analyzer': {'acceptable': 1, 'buf_lookback': '300'},
                      'MIN2ver2': {'iter_cycles': '2',
                                   'light_threshod': 50,
                                   'limb_wigth': '24',
                                   'n': 10},
                      'Visualizer': {'grid_alpha': 0.4,
                                     'grid_color': '#FFFFFF',
                                     'grid_nx': 4,
                                     'grid_ny': 2,
                                     'grid_r': 300,
                                     'opencircle_triangle': False}}}
2026-09-20 14:46:54,272 [INFO] __main__ <module>: __sucessful __loading parameter
2026-09-20 14:46:54,273 [INFO] __main__ <module>: Attempting to connect to the camera...
2026-09-20 14:46:54,273 [DEBUG] __main__ <module>: Successfully set ZWO_ASI_LIB environment variable:C:\projects\SUN_watching\sun_find_west_v2\camera\bin\ASICamera2.dll
2026-09-20 14:46:54,273 [INFO] camera.controller connect_camera: Initializing ASI SDK...
2026-09-20 14:46:54,275 [INFO] camera.controller connect_camera: ASI SDK initialized successfully.
2026-09-20 14:46:54,275 [INFO] camera.controller connect_camera: Waiting for camera connection... (Press Ctrl+C to abort)
2026-09-20 14:46:54,539 [INFO] camera.controller connect_camera: Connection wait interrupted by user.
2026-09-20 14:46:54,540 [INFO] __main__ <module>: Connection wait interrupted by user.
2026-09-20 14:46:54,540 [INFO] __main__ cancel_process: ===== canceling process and cleaning up =====
2026-09-20 14:46:54,543 [INFO] __main__ cancel_process: ===== FINISHED =====
